Using pre-set license
Built from '2021.3/staging' branch; Version is '2021.3.20f1 (577897200b8b) revision 5732503'; Using compiler version '192829333'; Build Type 'Release'
OS: 'Windows 11  (10.0.22621) 64bit Professional' Language: 'en' Physical Memory: 32559 MB
BatchMode: 1, IsHumanControllingUs: 0, StartBugReporterOnCrash: 0, Is64bit: 1, IsPro: 1

COMMAND LINE ARGUMENTS:
G:\Unity\2021.3.20f1\Editor\Unity.exe
-adb2
-batchMode
-noUpm
-name
AssetImportWorker2
-projectPath
G:/Documents/Faculdade/2 ano 2 semestre/DV/Prince of Persia
-logFile
Logs/AssetImportWorker2.log
-srvPort
50258
Successfully changed project path to: G:/Documents/Faculdade/2 ano 2 semestre/DV/Prince of Persia
G:/Documents/Faculdade/2 ano 2 semestre/DV/Prince of Persia
[UnityMemory] Configuration Parameters - Can be set up in boot.config
    "memorysetup-bucket-allocator-granularity=16"
    "memorysetup-bucket-allocator-bucket-count=8"
    "memorysetup-bucket-allocator-block-size=33554432"
    "memorysetup-bucket-allocator-block-count=8"
    "memorysetup-main-allocator-block-size=16777216"
    "memorysetup-thread-allocator-block-size=16777216"
    "memorysetup-gfx-main-allocator-block-size=16777216"
    "memorysetup-gfx-thread-allocator-block-size=16777216"
    "memorysetup-cache-allocator-block-size=4194304"
    "memorysetup-typetree-allocator-block-size=2097152"
    "memorysetup-profiler-bucket-allocator-granularity=16"
    "memorysetup-profiler-bucket-allocator-bucket-count=8"
    "memorysetup-profiler-bucket-allocator-block-size=33554432"
    "memorysetup-profiler-bucket-allocator-block-count=8"
    "memorysetup-profiler-allocator-block-size=16777216"
    "memorysetup-profiler-editor-allocator-block-size=1048576"
    "memorysetup-temp-allocator-size-main=16777216"
    "memorysetup-job-temp-allocator-block-size=2097152"
    "memorysetup-job-temp-allocator-block-size-background=1048576"
    "memorysetup-job-temp-allocator-reduction-small-platforms=262144"
    "memorysetup-temp-allocator-size-background-worker=32768"
    "memorysetup-temp-allocator-size-job-worker=262144"
    "memorysetup-temp-allocator-size-preload-manager=33554432"
    "memorysetup-temp-allocator-size-nav-mesh-worker=65536"
    "memorysetup-temp-allocator-size-audio-worker=65536"
    "memorysetup-temp-allocator-size-cloud-worker=32768"
    "memorysetup-temp-allocator-size-gi-baking-worker=262144"
    "memorysetup-temp-allocator-size-gfx=262144"
Player connection [22488] Host "[IP] 192.168.1.65 [Port] 0 [Flags] 2 [Guid] 2538725241 [EditorId] 2538725241 [Version] 1048832 [Id] WindowsEditor(7,DESKTOP-EA5GJHG) [Debug] 1 [PackageName] WindowsEditor [ProjectName] Editor" joined multi-casting on [225.0.0.222:54997]...

Player connection [22488] Host "[IP] 192.168.1.65 [Port] 0 [Flags] 2 [Guid] 2538725241 [EditorId] 2538725241 [Version] 1048832 [Id] WindowsEditor(7,DESKTOP-EA5GJHG) [Debug] 1 [PackageName] WindowsEditor [ProjectName] Editor" joined alternative multi-casting on [225.0.0.222:34997]...

Refreshing native plugins compatible for Editor in 60.77 ms, found 3 plugins.
Preloading 0 native plugins for Editor in 0.00 ms.
Initialize engine version: 2021.3.20f1 (577897200b8b)
[Subsystems] Discovering subsystems at path G:/Unity/2021.3.20f1/Editor/Data/Resources/UnitySubsystems
[Subsystems] Discovering subsystems at path G:/Documents/Faculdade/2 ano 2 semestre/DV/Prince of Persia/Assets
GfxDevice: creating device client; threaded=0; jobified=0
Direct3D:
    Version:  Direct3D 11.0 [level 11.1]
    Renderer: NVIDIA GeForce RTX 2060 (ID=0x1f08)
    Vendor:   NVIDIA
    VRAM:     5969 MB
    Driver:   31.0.15.4601
Initialize mono
Mono path[0] = 'G:/Unity/2021.3.20f1/Editor/Data/Managed'
Mono path[1] = 'G:/Unity/2021.3.20f1/Editor/Data/MonoBleedingEdge/lib/mono/unityjit-win32'
Mono config path = 'G:/Unity/2021.3.20f1/Editor/Data/MonoBleedingEdge/etc'
Using monoOptions --debugger-agent=transport=dt_socket,embedding=1,server=y,suspend=n,address=127.0.0.1:56548
Begin MonoManager ReloadAssembly
Registering precompiled unity dll's ...
Register platform support module: G:/Unity/2021.3.20f1/Editor/Data/PlaybackEngines/WebGLSupport/UnityEditor.WebGL.Extensions.dll
Register platform support module: G:/Unity/2021.3.20f1/Editor/Data/PlaybackEngines/WindowsStandaloneSupport/UnityEditor.WindowsStandalone.Extensions.dll
Registered in 0.001084 seconds.
Native extension for WindowsStandalone target not found
Native extension for WebGL target not found
Refreshing native plugins compatible for Editor in 54.80 ms, found 3 plugins.
Preloading 0 native plugins for Editor in 0.00 ms.
Mono: successfully reloaded assembly
- Completed reload, in  0.459 seconds
Domain Reload Profiling:
	ReloadAssembly (459ms)
		BeginReloadAssembly (78ms)
			ExecutionOrderSort (0ms)
			DisableScriptedObjects (0ms)
			BackupInstance (0ms)
			ReleaseScriptingObjects (0ms)
			CreateAndSetChildDomain (0ms)
		EndReloadAssembly (311ms)
			LoadAssemblies (78ms)
			RebuildTransferFunctionScriptingTraits (0ms)
			SetupTypeCache (83ms)
			ReleaseScriptCaches (0ms)
			RebuildScriptCaches (17ms)
			SetupLoadedEditorAssemblies (180ms)
				LogAssemblyErrors (0ms)
				InitializePlatformSupportModulesInManaged (5ms)
				SetLoadedEditorAssemblies (0ms)
				RefreshPlugins (55ms)
				BeforeProcessingInitializeOnLoad (1ms)
				ProcessInitializeOnLoadAttributes (93ms)
				ProcessInitializeOnLoadMethodAttributes (26ms)
				AfterProcessingInitializeOnLoad (0ms)
				EditorAssembliesLoaded (0ms)
			ExecutionOrderSort2 (0ms)
			AwakeInstancesAfterBackupRestoration (0ms)
Platform modules already initialized, skipping
Registering precompiled user dll's ...
Registered in 0.001815 seconds.
Begin MonoManager ReloadAssembly
Symbol file LoadedFromMemory doesn't match image G:\Documents\Faculdade\2 ano 2 semestre\DV\Prince of Persia\Library\PackageCache\com.unity.visualscripting@1.8.0\Editor\VisualScripting.Core\Dependencies\YamlDotNet\Unity.VisualScripting.YamlDotNet.dll
Symbol file LoadedFromMemory doesn't match image G:\Documents\Faculdade\2 ano 2 semestre\DV\Prince of Persia\Library\PackageCache\com.unity.visualscripting@1.8.0\Editor\VisualScripting.Core\Dependencies\DotNetZip\Unity.VisualScripting.IonicZip.dll
Native extension for WindowsStandalone target not found
Native extension for WebGL target not found
Refreshing native plugins compatible for Editor in 0.40 ms, found 3 plugins.
Preloading 0 native plugins for Editor in 0.00 ms.
Mono: successfully reloaded assembly
- Completed reload, in  0.587 seconds
Domain Reload Profiling:
	ReloadAssembly (588ms)
		BeginReloadAssembly (77ms)
			ExecutionOrderSort (0ms)
			DisableScriptedObjects (3ms)
			BackupInstance (0ms)
			ReleaseScriptingObjects (0ms)
			CreateAndSetChildDomain (12ms)
		EndReloadAssembly (452ms)
			LoadAssemblies (63ms)
			RebuildTransferFunctionScriptingTraits (0ms)
			SetupTypeCache (150ms)
			ReleaseScriptCaches (0ms)
			RebuildScriptCaches (30ms)
			SetupLoadedEditorAssemblies (201ms)
				LogAssemblyErrors (0ms)
				InitializePlatformSupportModulesInManaged (3ms)
				SetLoadedEditorAssemblies (0ms)
				RefreshPlugins (0ms)
				BeforeProcessingInitializeOnLoad (44ms)
				ProcessInitializeOnLoadAttributes (142ms)
				ProcessInitializeOnLoadMethodAttributes (10ms)
				AfterProcessingInitializeOnLoad (1ms)
				EditorAssembliesLoaded (0ms)
			ExecutionOrderSort2 (0ms)
			AwakeInstancesAfterBackupRestoration (4ms)
Platform modules already initialized, skipping
========================================================================
Worker process is ready to serve import requests
Launched and connected shader compiler UnityShaderCompiler.exe after 0.03 seconds
Refreshing native plugins compatible for Editor in 0.47 ms, found 3 plugins.
Preloading 0 native plugins for Editor in 0.00 ms.
Unloading 3447 Unused Serialized files (Serialized files now loaded: 0)
Unloading 26 unused Assets / (171.2 KB). Loaded Objects now: 3919.
Memory consumption went from 129.5 MB to 129.3 MB.
Total: 1.991900 ms (FindLiveObjects: 0.174400 ms CreateObjectMapping: 0.074400 ms MarkObjects: 1.636400 ms  DeleteObjects: 0.106000 ms)

AssetImportParameters requested are different than current active one (requested -> active):
  custom:video-decoder-ogg-theora: a1e56fd34408186e4bbccfd4996cb3dc -> 
  custom:container-muxer-webm: aa71ff27fc2769a1b78a27578f13a17b -> 
  custom:container-demuxer-webm: 4f35f7cbe854078d1ac9338744f61a02 -> 
  custom:video-encoder-webm-vp8: eb34c28f22e8b96e1ab97ce403110664 -> 
  custom:audio-encoder-webm-vorbis: bf7c407c2cedff20999df2af8eb42d56 -> 
  custom:framework-win-MediaFoundation: 216162199b28c13a410421893ffa2e32 -> 
  custom:container-demuxer-ogg: 62fdf1f143b41e24485cea50d1cbac27 -> 
  custom:video-decoder-webm-vp8: 9c59270c3fd7afecdb556c50c9e8de78 -> 
  custom:audio-decoder-ogg-vorbis: bf7c407c2cedff20999df2af8eb42d56 -> 
========================================================================
Received Import Request.
  Time since last request: 724.226282 seconds.
  path: Assets/Animations
  artifactKey: Guid(54e88657f8bbabc4daea60cc578c9307) Importer(815301076,1909f56bfc062723c751e8b465ee728b)
Start importing Assets/Animations using Guid(54e88657f8bbabc4daea60cc578c9307) Importer(815301076,1909f56bfc062723c751e8b465ee728b)  -> (artifact id: 'c3c9c221216cff366f6d20ce16d6479a') in 0.016026 seconds 
========================================================================
Received Import Request.
  Time since last request: 11.842857 seconds.
  path: Assets/Animations/Princ.controller
  artifactKey: Guid(cd5e2dc5e379ed640b7f7aedbc83c98f) Importer(815301076,1909f56bfc062723c751e8b465ee728b)
Start importing Assets/Animations/Princ.controller using Guid(cd5e2dc5e379ed640b7f7aedbc83c98f) Importer(815301076,1909f56bfc062723c751e8b465ee728b)  -> (artifact id: 'b932f2c46b92bd3787d6a4c6ac333d15') in 0.019204 seconds 
========================================================================
Received Import Request.
  Time since last request: 63.959047 seconds.
  path: Assets/Animations/TEST.controller
  artifactKey: Guid(cd5e2dc5e379ed640b7f7aedbc83c98f) Importer(815301076,1909f56bfc062723c751e8b465ee728b)
Start importing Assets/Animations/TEST.controller using Guid(cd5e2dc5e379ed640b7f7aedbc83c98f) Importer(815301076,1909f56bfc062723c751e8b465ee728b)  -> (artifact id: '82ce769cf69b30d939839f1804fc5cac') in 0.001914 seconds 
========================================================================
Received Import Request.
  Time since last request: 123.133153 seconds.
  path: Assets/Animations/Paladin J Nordstrom@Idle 1.fbx
  artifactKey: Guid(7c513bc071341ff43a3f041ce71a1c86) Importer(815301076,1909f56bfc062723c751e8b465ee728b)
Start importing Assets/Animations/Paladin J Nordstrom@Idle 1.fbx using Guid(7c513bc071341ff43a3f041ce71a1c86) Importer(815301076,1909f56bfc062723c751e8b465ee728b)  -> (artifact id: '58df1721ddec5b4913def8067ed89e09') in 0.015695 seconds 
========================================================================
Received Import Request.
  Time since last request: 104.886110 seconds.
  path: Assets/Assets/characte man relax/prefab/Man relax.prefab
  artifactKey: Guid(16e5aca9861e75b43aad74b12103c777) Importer(815301076,1909f56bfc062723c751e8b465ee728b)
Start importing Assets/Assets/characte man relax/prefab/Man relax.prefab using Guid(16e5aca9861e75b43aad74b12103c777) Importer(815301076,1909f56bfc062723c751e8b465ee728b)  -> (artifact id: '0e7edd852d88505b7bb5c1a22a0187a5') in 0.056032 seconds 
========================================================================
Received Import Request.
  Time since last request: 13.885908 seconds.
  path: Assets/Assets/characte man relax/Materials
  artifactKey: Guid(d272635a4b8679545aedbc87d7f369ec) Importer(815301076,1909f56bfc062723c751e8b465ee728b)
Start importing Assets/Assets/characte man relax/Materials using Guid(d272635a4b8679545aedbc87d7f369ec) Importer(815301076,1909f56bfc062723c751e8b465ee728b)  -> (artifact id: '6101ba30863478c88b04bfaf916306f6') in 0.000781 seconds 
========================================================================
Received Import Request.
  Time since last request: 41.618902 seconds.
  path: Assets/Assets/characte man relax/Materials/Man relax.FBX
  artifactKey: Guid(df54603a1943cbf40ab6d4f3de04d83b) Importer(815301076,1909f56bfc062723c751e8b465ee728b)
Start importing Assets/Assets/characte man relax/Materials/Man relax.FBX using Guid(df54603a1943cbf40ab6d4f3de04d83b) Importer(815301076,1909f56bfc062723c751e8b465ee728b)  -> (artifact id: '3842b3367c2a0ee4902226504f26de4f') in 0.026915 seconds 
========================================================================
Received Import Request.
  Time since last request: 24.406530 seconds.
  path: Assets/Assets/characte man relax/prefab/Man relax.prefab
  artifactKey: Guid(16e5aca9861e75b43aad74b12103c777) Importer(815301076,1909f56bfc062723c751e8b465ee728b)
Start importing Assets/Assets/characte man relax/prefab/Man relax.prefab using Guid(16e5aca9861e75b43aad74b12103c777) Importer(815301076,1909f56bfc062723c751e8b465ee728b)  -> (artifact id: '4b1fbbe2cd5649dc70b6a70355c18969') in 0.006070 seconds 
========================================================================
Received Import Request.
  Time since last request: 8.399711 seconds.
  path: Assets/Assets/characte man relax/Materials/Man relax.FBX
  artifactKey: Guid(df54603a1943cbf40ab6d4f3de04d83b) Importer(815301076,1909f56bfc062723c751e8b465ee728b)
Start importing Assets/Assets/characte man relax/Materials/Man relax.FBX using Guid(df54603a1943cbf40ab6d4f3de04d83b) Importer(815301076,1909f56bfc062723c751e8b465ee728b)  -> (artifact id: 'f20014681cdd231326bd127e73e7ad11') in 0.009267 seconds 
========================================================================
Received Import Request.
  Time since last request: 28.314870 seconds.
  path: Assets/Assets/Stylized NPC - Peasant Nolant/Animator/Animator Controller.controller
  artifactKey: Guid(fecf6d756e0aaae41ada7c746eed59b9) Importer(815301076,1909f56bfc062723c751e8b465ee728b)
Start importing Assets/Assets/Stylized NPC - Peasant Nolant/Animator/Animator Controller.controller using Guid(fecf6d756e0aaae41ada7c746eed59b9) Importer(815301076,1909f56bfc062723c751e8b465ee728b)  -> (artifact id: '4aff77de444869ddb39fd2f0c10141f2') in 0.001944 seconds 
========================================================================
Received Import Request.
  Time since last request: 45.308250 seconds.
  path: Assets/Assets/characte man relax/prefab/Man relax.prefab
  artifactKey: Guid(16e5aca9861e75b43aad74b12103c777) Importer(815301076,1909f56bfc062723c751e8b465ee728b)
Start importing Assets/Assets/characte man relax/prefab/Man relax.prefab using Guid(16e5aca9861e75b43aad74b12103c777) Importer(815301076,1909f56bfc062723c751e8b465ee728b)  -> (artifact id: 'a27366be6de6e8e6ad9f9b4178344e0f') in 0.005536 seconds 
========================================================================
Received Import Request.
  Time since last request: 9.836700 seconds.
  path: Assets/Assets/characte man relax/Materials/Man relax.FBX
  artifactKey: Guid(df54603a1943cbf40ab6d4f3de04d83b) Importer(815301076,1909f56bfc062723c751e8b465ee728b)
Start importing Assets/Assets/characte man relax/Materials/Man relax.FBX using Guid(df54603a1943cbf40ab6d4f3de04d83b) Importer(815301076,1909f56bfc062723c751e8b465ee728b)  -> (artifact id: 'bf9f0753ee3414545a52d5e8fbb1e10f') in 0.036766 seconds 
========================================================================
Received Import Request.
  Time since last request: 172.402246 seconds.
  path: Assets/Assets/characte man relax/Materials/Man relax.FBX
  artifactKey: Guid(df54603a1943cbf40ab6d4f3de04d83b) Importer(815301076,1909f56bfc062723c751e8b465ee728b)
Start importing Assets/Assets/characte man relax/Materials/Man relax.FBX using Guid(df54603a1943cbf40ab6d4f3de04d83b) Importer(815301076,1909f56bfc062723c751e8b465ee728b)  -> (artifact id: 'f3f8d066c399123ef3e3acd678a1b575') in 0.010145 seconds 
========================================================================
Received Import Request.
  Time since last request: 25.967196 seconds.
  path: Assets/Animations/Princ.controller
  artifactKey: Guid(cd5e2dc5e379ed640b7f7aedbc83c98f) Importer(815301076,1909f56bfc062723c751e8b465ee728b)
Start importing Assets/Animations/Princ.controller using Guid(cd5e2dc5e379ed640b7f7aedbc83c98f) Importer(815301076,1909f56bfc062723c751e8b465ee728b)  -> (artifact id: 'fe34e2ff0686828ac1d78a0dce70c8ca') in 0.001596 seconds 
========================================================================
Received Import Request.
  Time since last request: 2.023285 seconds.
  path: Assets/Assets/Stylized NPC - Peasant Nolant/Prefabs/Peasant Nolant Blue(Free Version).prefab
  artifactKey: Guid(64db8d48fab1ceb43a8ee5d52643029a) Importer(815301076,1909f56bfc062723c751e8b465ee728b)
Start importing Assets/Assets/Stylized NPC - Peasant Nolant/Prefabs/Peasant Nolant Blue(Free Version).prefab using Guid(64db8d48fab1ceb43a8ee5d52643029a) Importer(815301076,1909f56bfc062723c751e8b465ee728b)  -> (artifact id: '60f578152f2bdfc1c114cce507872bdf') in 0.012287 seconds 
